// Jest Snapshot v1, https://goo.gl/fbAQLP

exports[`renders correctly 1`] = `
ShallowWrapper {
  Symbol(enzyme.__root__): [Circular],
  Symbol(enzyme.__unrendered__): <BrowserRouter>
    <EventCard
        event={
            Object {
                "floatingTag": "Floating Tag",
                "image": "image.jpg",
                "location": "Somewhere",
                "member_profile_image": "profile.jpg",
                "slug": "slug",
                "start_datetime": "00223232",
                "tags": Object {
                  "map": [Function],
                },
                "title": "Title",
              }
        }
    />
</BrowserRouter>,
  Symbol(enzyme.__renderer__): Object {
    "batchedUpdates": [Function],
    "checkPropTypes": [Function],
    "getNode": [Function],
    "render": [Function],
    "simulateError": [Function],
    "simulateEvent": [Function],
    "unmount": [Function],
  },
  Symbol(enzyme.__node__): Object {
    "instance": null,
    "key": undefined,
    "nodeType": "class",
    "props": Object {
      "children": <EventCard
        event={
                Object {
                        "floatingTag": "Floating Tag",
                        "image": "image.jpg",
                        "location": "Somewhere",
                        "member_profile_image": "profile.jpg",
                        "slug": "slug",
                        "start_datetime": "00223232",
                        "tags": Object {
                          "map": [Function],
                        },
                        "title": "Title",
                      }
        }
/>,
      "history": Object {
        "action": "POP",
        "block": [Function],
        "createHref": [Function],
        "go": [Function],
        "goBack": [Function],
        "goForward": [Function],
        "length": 1,
        "listen": [Function],
        "location": Object {
          "hash": "",
          "pathname": "/",
          "search": "",
          "state": undefined,
        },
        "push": [Function],
        "replace": [Function],
      },
    },
    "ref": null,
    "rendered": Object {
      "instance": null,
      "key": undefined,
      "nodeType": "class",
      "props": Object {
        "event": Object {
          "floatingTag": "Floating Tag",
          "image": "image.jpg",
          "location": "Somewhere",
          "member_profile_image": "profile.jpg",
          "slug": "slug",
          "start_datetime": "00223232",
          "tags": Object {
            "map": [Function],
          },
          "title": "Title",
        },
      },
      "ref": null,
      "rendered": null,
      "type": [Function],
    },
    "type": [Function],
  },
  Symbol(enzyme.__nodes__): Array [
    Object {
      "instance": null,
      "key": undefined,
      "nodeType": "class",
      "props": Object {
        "children": <EventCard
          event={
                    Object {
                              "floatingTag": "Floating Tag",
                              "image": "image.jpg",
                              "location": "Somewhere",
                              "member_profile_image": "profile.jpg",
                              "slug": "slug",
                              "start_datetime": "00223232",
                              "tags": Object {
                                "map": [Function],
                              },
                              "title": "Title",
                            }
          }
/>,
        "history": Object {
          "action": "POP",
          "block": [Function],
          "createHref": [Function],
          "go": [Function],
          "goBack": [Function],
          "goForward": [Function],
          "length": 1,
          "listen": [Function],
          "location": Object {
            "hash": "",
            "pathname": "/",
            "search": "",
            "state": undefined,
          },
          "push": [Function],
          "replace": [Function],
        },
      },
      "ref": null,
      "rendered": Object {
        "instance": null,
        "key": undefined,
        "nodeType": "class",
        "props": Object {
          "event": Object {
            "floatingTag": "Floating Tag",
            "image": "image.jpg",
            "location": "Somewhere",
            "member_profile_image": "profile.jpg",
            "slug": "slug",
            "start_datetime": "00223232",
            "tags": Object {
              "map": [Function],
            },
            "title": "Title",
          },
        },
        "ref": null,
        "rendered": null,
        "type": [Function],
      },
      "type": [Function],
    },
  ],
  Symbol(enzyme.__options__): Object {
    "adapter": ReactSixteenAdapter {
      "options": Object {
        "enableComponentDidUpdateOnSetState": true,
        "legacyContextMode": "parent",
        "lifecycles": Object {
          "componentDidUpdate": Object {
            "onSetState": true,
          },
          "getChildContext": Object {
            "calledByRenderer": false,
          },
          "getDerivedStateFromProps": true,
          "getSnapshotBeforeUpdate": true,
          "setState": Object {
            "skipsComponentDidUpdateOnNullish": true,
          },
        },
      },
    },
  },
  Symbol(enzyme.__childContext__): null,
}
`;
